
> ecommerce-template-saas@0.1.0 build
> vite build

[36mvite v8.0.8 [32mbuilding client environment for production...[36m[39m
[2K
transforming...Γ£ô 57 modules transformed.
rendering chunks...
computing gzip size...
dist/src/themes/universal-minimal/pages/index.html      1.61 kB Γöé gzip:  0.52 kB
dist/src/themes/daily-essentials/pages/index.html       1.62 kB Γöé gzip:  0.52 kB
dist/src/themes/tech-electronics/pages/index.html       1.62 kB Γöé gzip:  0.52 kB
dist/src/themes/fashion-lifestyle/pages/index.html      1.62 kB Γöé gzip:  0.53 kB
dist/src/themes/universal-minimal/pages/category.html   2.16 kB Γöé gzip:  0.80 kB
dist/src/themes/daily-essentials/pages/category.html    2.17 kB Γöé gzip:  0.80 kB
dist/src/themes/fashion-lifestyle/pages/category.html   2.18 kB Γöé gzip:  0.81 kB
dist/src/themes/tech-electronics/pages/category.html    2.18 kB Γöé gzip:  0.81 kB
dist/src/themes/universal-minimal/pages/search.html     2.37 kB Γöé gzip:  0.87 kB
dist/src/themes/daily-essentials/pages/search.html      2.39 kB Γöé gzip:  0.89 kB
dist/src/themes/fashion-lifestyle/pages/search.html     2.39 kB Γöé gzip:  0.89 kB
dist/src/themes/tech-electronics/pages/search.html      2.42 kB Γöé gzip:  0.90 kB
dist/src/themes/universal-minimal/pages/product.html    3.71 kB Γöé gzip:  1.19 kB
dist/src/themes/daily-essentials/pages/product.html     3.84 kB Γöé gzip:  1.23 kB
dist/src/themes/fashion-lifestyle/pages/product.html    3.89 kB Γöé gzip:  1.26 kB
dist/src/themes/tech-electronics/pages/product.html     3.96 kB Γöé gzip:  1.29 kB
dist/src/themes/universal-minimal/pages/cart.html       6.45 kB Γöé gzip:  1.71 kB
dist/src/themes/daily-essentials/pages/cart.html        6.47 kB Γöé gzip:  1.70 kB
dist/src/themes/fashion-lifestyle/pages/cart.html       6.50 kB Γöé gzip:  1.73 kB
dist/src/themes/tech-electronics/pages/cart.html        6.51 kB Γöé gzip:  1.72 kB
dist/assets/theme-BM7RimuY.css                          1.29 kB Γöé gzip:  0.53 kB
dist/assets/theme-Bo9XgNtm.css                          1.32 kB Γöé gzip:  0.54 kB
dist/assets/theme-DfVvK5DZ.css                          1.41 kB Γöé gzip:  0.58 kB
dist/assets/theme-Y8nyYH86.css                          1.48 kB Γöé gzip:  0.58 kB
dist/assets/shared-page-data-CY9F2v_k.css              38.05 kB Γöé gzip:  6.99 kB
dist/assets/category-BHRtj371.js                        1.44 kB Γöé gzip:  0.72 kB
dist/assets/listing-C0ZGoqv3.js                         1.48 kB Γöé gzip:  0.76 kB
dist/assets/home-BjE1CNlm.js                            4.10 kB Γöé gzip:  1.82 kB
dist/assets/product-CxI-HJiQ.js                         4.10 kB Γöé gzip:  1.57 kB
dist/assets/cart-CgYC5wtu.js                           10.85 kB Γöé gzip:  3.56 kB
dist/assets/shared-page-data-CVqfVvka.js               47.33 kB Γöé gzip: 13.70 kB

[32mΓ£ô built in 660ms[39m
